
> smart-clinic-web@0.1.0 build
> next build

Γû▓ Next.js 16.2.1 (Turbopack)

  Creating an optimized production build ...
npm : Found 2 warnings 
while optimizing 
generated CSS:
At line:1 char:1
+ npm run build > 
build_output.txt 2>&1
+ ~~~~~~~~~~~~~~~~~~~~~~~
~~~~~~~~~~~~~~
    + CategoryInfo       
       : NotSpecified: 
(F    ound 2 warning... 
gen    erated 
CSS::String) [    ], 
RemoteException
    + 
FullyQualifiedError    
Id : NativeCommandErr    
or
 

Issue #1:
[2mΓöé   }[22m
[2mΓöé }[22m
[2mΓöé[22m @import url(
'https://fonts.googleapis
.com/css2?family=Inter:wg
ht@400;500;600;700&displa
y=swap');
[2mΓöå[22m        
[33m[2m^--[22m 
@import rules must 
precede all rules aside 
from @charset and @layer 
statements[39m
[2mΓöå[22m
[2mΓöé @import url('http
s://fonts.googleapis.com/
css2?family=Cairo:wght@40
0;500;600;700&display=swa
p');[22m
[2mΓöé :root {[22m

Issue #2:
[2mΓöé }[22m
[2mΓöé @import url('http
s://fonts.googleapis.com/
css2?family=Inter:wght@40
0;500;600;700&display=swa
p');[22m
[2mΓöé[22m @import url(
'https://fonts.googleapis
.com/css2?family=Cairo:wg
ht@400;500;600;700&displa
y=swap');
[2mΓöå[22m        
[33m[2m^--[22m 
@import rules must 
precede all rules aside 
from @charset and @layer 
statements[39m
[2mΓöå[22m
[2mΓöé :root {[22m
[2mΓöé   
--color-primary: 
#007BFF;[22m

Γ£ô Compiled successfully in 11.7s
  Running TypeScript ...
  Finished TypeScript in 7.6s ...
  Collecting page data using 7 workers ...
  Generating static pages using 7 workers (0/8) ...
  Generating static pages using 7 workers (2/8) 
  Generating static pages using 7 workers (4/8) 
  Generating static pages using 7 workers (6/8) 
Γ£ô Generating static pages using 7 workers (8/8) in 996ms
  Finalizing page optimization ...

Route (app)
Γöî Γùï /
Γö£ Γùï /_not-found
Γö£ Γùï /auth/login
Γö£ Γùï /auth/register
Γö£ Γùï /doctor/dashboard
Γöö Γùï /patient/dashboard


Γùï  (Static)  prerendered as static content

